{"_e":"root:init","_t":1790085131523,"format":"v0-jsonl","version":"57.0.26"}
{"_e":"env:mode","_t":1790085131524,"nodeEnv":"development","babelEnv":"development","mode":"development"}
{"_e":"env:load","_t":1790085131527,"mode":"development","files":[],"env":{}}
{"_e":"devserver:start","_t":1790085132413,"mode":"development","web":true,"baseUrl":"","asyncRoutes":false,"routerRoot":"../..\\..\\app","serverComponents":false,"serverActions":false,"serverRendering":false,"apiRoutes":false,"exporting":false}
{"_e":"metro:config","_t":1790085133348,"serverRoot":"../..\\..","projectRoot":"../..\\..","exporting":false,"flags":{"autolinkingModuleResolution":false,"serverActions":false,"serverComponents":false,"reactCompiler":false,"optimizeGraph":false,"treeshaking":false,"logbox":false}}
{"_e":"expo:dev-tools-plugin:load","_t":1790085134664,"plugins":[]}
{"_e":"metro:instantiate","_t":1790085141956,"atlas":false,"workers":6,"host":"::","port":8081}
{"_e":"metro:bundling:started","_t":1790085191047,"id":"2","platform":"android","environment":null,"entry":"index.ts"}
{"_e":"metro:bundling:progress","_t":1790085191047,"id":"2","progress":0,"total":1,"current":0}
{"_e":"metro:bundling:progress","_t":1790085191053,"id":"2","progress":0,"total":1,"current":0}
{"_e":"metro:bundling:progress","_t":1790085192533,"id":"2","progress":0.010000000000000002,"total":1,"current":1}
{"_e":"metro:bundling:progress","_t":1790085192649,"id":"2","progress":0.09,"total":6,"current":3}
{"_e":"metro:bundling:progress","_t":1790085192756,"id":"2","progress":0.19140625,"total":16,"current":7}
{"_e":"metro:bundling:progress","_t":1790085193053,"id":"2","progress":0.25,"total":16,"current":8}
{"_e":"metro:bundling:progress","_t":1790085193160,"id":"2","progress":0.25,"total":19,"current":9}
{"_e":"metro:bundling:progress","_t":1790085193196,"id":"2","progress":0.27700831024930744,"total":19,"current":10}
{"_e":"metro:bundling:progress","_t":1790085193302,"id":"2","progress":0.27700831024930744,"total":23,"current":12}
{"_e":"metro:bundling:progress","_t":1790085193544,"id":"2","progress":0.3194706994328922,"total":23,"current":13}
{"_e":"metro:bundling:progress","_t":1790085193657,"id":"2","progress":0.3194706994328922,"total":25,"current":14}
{"_e":"metro:bundling:progress","_t":1790085193757,"id":"2","progress":0.5184,"total":25,"current":18}
{"_e":"metro:bundling:progress","_t":1790085193863,"id":"2","progress":0.6400000000000001,"total":25,"current":20}
{"_e":"metro:bundling:progress","_t":1790085194069,"id":"2","progress":0.7055999999999999,"total":25,"current":21}
{"_e":"metro:bundling:progress","_t":1790085194169,"id":"2","progress":0.7055999999999999,"total":31,"current":22}
{"_e":"metro:bundling:progress","_t":1790085194286,"id":"2","progress":0.7055999999999999,"total":31,"current":23}
{"_e":"metro:bundling:progress","_t":1790085194390,"id":"2","progress":0.7055999999999999,"total":48,"current":26}
{"_e":"metro:bundling:progress","_t":1790085194492,"id":"2","progress":0.7055999999999999,"total":116,"current":34}
{"_e":"metro:bundling:progress","_t":1790085194594,"id":"2","progress":0.7055999999999999,"total":173,"current":43}
{"_e":"metro:bundling:progress","_t":1790085194695,"id":"2","progress":0.7055999999999999,"total":265,"current":55}
{"_e":"metro:bundling:progress","_t":1790085194795,"id":"2","progress":0.7055999999999999,"total":270,"current":65}
{"_e":"metro:bundling:progress","_t":1790085194895,"id":"2","progress":0.7055999999999999,"total":272,"current":78}
{"_e":"metro:bundling:progress","_t":1790085195012,"id":"2","progress":0.7055999999999999,"total":275,"current":85}
{"_e":"metro:bundling:progress","_t":1790085195112,"id":"2","progress":0.7055999999999999,"total":315,"current":96}
{"_e":"metro:bundling:progress","_t":1790085195220,"id":"2","progress":0.7055999999999999,"total":319,"current":107}
{"_e":"metro:bundling:progress","_t":1790085195321,"id":"2","progress":0.7055999999999999,"total":346,"current":126}
{"_e":"metro:bundling:progress","_t":1790085195440,"id":"2","progress":0.7055999999999999,"total":371,"current":138}
{"_e":"metro:bundling:progress","_t":1790085195540,"id":"2","progress":0.7055999999999999,"total":378,"current":148}
{"_e":"metro:bundling:progress","_t":1790085195670,"id":"2","progress":0.7055999999999999,"total":402,"current":154}
{"_e":"metro:bundling:progress","_t":1790085195783,"id":"2","progress":0.7055999999999999,"total":411,"current":162}
{"_e":"metro:bundling:progress","_t":1790085195883,"id":"2","progress":0.7055999999999999,"total":412,"current":165}
{"_e":"metro:bundling:progress","_t":1790085195983,"id":"2","progress":0.7055999999999999,"total":413,"current":166}
{"_e":"metro:bundling:progress","_t":1790085196084,"id":"2","progress":0.7055999999999999,"total":421,"current":173}
{"_e":"metro:bundling:progress","_t":1790085196195,"id":"2","progress":0.7055999999999999,"total":423,"current":176}
{"_e":"metro:bundling:progress","_t":1790085196299,"id":"2","progress":0.7055999999999999,"total":441,"current":184}
{"_e":"metro:bundling:progress","_t":1790085196404,"id":"2","progress":0.7055999999999999,"total":450,"current":189}
{"_e":"metro:bundling:progress","_t":1790085196503,"id":"2","progress":0.7055999999999999,"total":461,"current":195}
{"_e":"metro:bundling:progress","_t":1790085196607,"id":"2","progress":0.7055999999999999,"total":463,"current":196}
{"_e":"metro:bundling:progress","_t":1790085196658,"id":"2","progress":0.7055999999999999,"total":463,"current":197}
{"_e":"metro:bundling:progress","_t":1790085196759,"id":"2","progress":0.7055999999999999,"total":471,"current":204}
{"_e":"metro:bundling:progress","_t":1790085196863,"id":"2","progress":0.7055999999999999,"total":500,"current":214}
{"_e":"metro:bundling:progress","_t":1790085196980,"id":"2","progress":0.7055999999999999,"total":508,"current":225}
{"_e":"metro:bundling:progress","_t":1790085197087,"id":"2","progress":0.7055999999999999,"total":522,"current":235}
{"_e":"metro:bundling:progress","_t":1790085197187,"id":"2","progress":0.7055999999999999,"total":528,"current":248}
{"_e":"metro:bundling:progress","_t":1790085197287,"id":"2","progress":0.7055999999999999,"total":537,"current":261}
{"_e":"metro:bundling:progress","_t":1790085197390,"id":"2","progress":0.7055999999999999,"total":549,"current":274}
{"_e":"metro:bundling:progress","_t":1790085197491,"id":"2","progress":0.7055999999999999,"total":553,"current":285}
{"_e":"metro:bundling:progress","_t":1790085197590,"id":"2","progress":0.7055999999999999,"total":557,"current":293}
{"_e":"metro:bundling:progress","_t":1790085197694,"id":"2","progress":0.7055999999999999,"total":576,"current":302}
{"_e":"metro:bundling:progress","_t":1790085197797,"id":"2","progress":0.7055999999999999,"total":588,"current":317}
{"_e":"metro:bundling:progress","_t":1790085197910,"id":"2","progress":0.7055999999999999,"total":589,"current":323}
{"_e":"metro:bundling:progress","_t":1790085198034,"id":"2","progress":0.7055999999999999,"total":591,"current":330}
{"_e":"metro:bundling:progress","_t":1790085198139,"id":"2","progress":0.7055999999999999,"total":593,"current":336}
{"_e":"metro:bundling:progress","_t":1790085198238,"id":"2","progress":0.7055999999999999,"total":608,"current":344}
{"_e":"metro:bundling:progress","_t":1790085198342,"id":"2","progress":0.7055999999999999,"total":610,"current":356}
{"_e":"metro:bundling:progress","_t":1790085198443,"id":"2","progress":0.7055999999999999,"total":621,"current":371}
{"_e":"metro:bundling:progress","_t":1790085198546,"id":"2","progress":0.7055999999999999,"total":629,"current":382}
{"_e":"metro:bundling:progress","_t":1790085198666,"id":"2","progress":0.7055999999999999,"total":650,"current":390}
{"_e":"metro:bundling:progress","_t":1790085198788,"id":"2","progress":0.7055999999999999,"total":660,"current":394}
{"_e":"metro:bundling:progress","_t":1790085198875,"id":"2","progress":0.7055999999999999,"total":668,"current":397}
{"_e":"metro:bundling:progress","_t":1790085198978,"id":"2","progress":0.7055999999999999,"total":688,"current":401}
{"_e":"metro:bundling:progress","_t":1790085199088,"id":"2","progress":0.7055999999999999,"total":696,"current":407}
{"_e":"metro:bundling:progress","_t":1790085199206,"id":"2","progress":0.7055999999999999,"total":723,"current":416}
{"_e":"metro:bundling:progress","_t":1790085199309,"id":"2","progress":0.7055999999999999,"total":725,"current":423}
{"_e":"metro:bundling:progress","_t":1790085199409,"id":"2","progress":0.7055999999999999,"total":733,"current":440}
{"_e":"metro:bundling:progress","_t":1790085199510,"id":"2","progress":0.7055999999999999,"total":754,"current":458}
{"_e":"metro:bundling:progress","_t":1790085199615,"id":"2","progress":0.7055999999999999,"total":771,"current":469}
{"_e":"metro:bundling:progress","_t":1790085199715,"id":"2","progress":0.7055999999999999,"total":782,"current":486}
{"_e":"metro:bundling:progress","_t":1790085199817,"id":"2","progress":0.7055999999999999,"total":797,"current":501}
{"_e":"metro:bundling:progress","_t":1790085199922,"id":"2","progress":0.7055999999999999,"total":828,"current":516}
{"_e":"metro:bundling:progress","_t":1790085200044,"id":"2","progress":0.7055999999999999,"total":841,"current":524}
{"_e":"metro:bundling:progress","_t":1790085200144,"id":"2","progress":0.7055999999999999,"total":852,"current":540}
{"_e":"metro:bundling:progress","_t":1790085200259,"id":"2","progress":0.7055999999999999,"total":857,"current":555}
{"_e":"metro:bundling:progress","_t":1790085200362,"id":"2","progress":0.7055999999999999,"total":857,"current":577}
{"_e":"metro:bundling:progress","_t":1790085200465,"id":"2","progress":0.7055999999999999,"total":859,"current":596}
{"_e":"metro:bundling:progress","_t":1790085200562,"id":"2","progress":0.7055999999999999,"total":866,"current":619}
{"_e":"metro:bundling:progress","_t":1790085200662,"id":"2","progress":0.7055999999999999,"total":889,"current":636}
{"_e":"metro:bundling:progress","_t":1790085200767,"id":"2","progress":0.7055999999999999,"total":917,"current":652}
{"_e":"metro:bundling:progress","_t":1790085200873,"id":"2","progress":0.7055999999999999,"total":962,"current":664}
{"_e":"metro:bundling:progress","_t":1790085200974,"id":"2","progress":0.7055999999999999,"total":1010,"current":686}
{"_e":"metro:bundling:progress","_t":1790085201077,"id":"2","progress":0.7055999999999999,"total":1021,"current":699}
{"_e":"metro:bundling:progress","_t":1790085201184,"id":"2","progress":0.7055999999999999,"total":1023,"current":710}
{"_e":"metro:bundling:progress","_t":1790085201284,"id":"2","progress":0.7055999999999999,"total":1024,"current":724}
{"_e":"metro:bundling:progress","_t":1790085201397,"id":"2","progress":0.7055999999999999,"total":1025,"current":736}
{"_e":"metro:bundling:progress","_t":1790085201497,"id":"2","progress":0.7055999999999999,"total":1032,"current":744}
{"_e":"metro:bundling:progress","_t":1790085201601,"id":"2","progress":0.7055999999999999,"total":1035,"current":755}
{"_e":"metro:bundling:progress","_t":1790085201702,"id":"2","progress":0.7055999999999999,"total":1048,"current":764}
{"_e":"metro:bundling:progress","_t":1790085201813,"id":"2","progress":0.7055999999999999,"total":1048,"current":772}
{"_e":"metro:bundling:progress","_t":1790085201929,"id":"2","progress":0.7055999999999999,"total":1048,"current":775}
{"_e":"metro:bundling:progress","_t":1790085202029,"id":"2","progress":0.7055999999999999,"total":1055,"current":780}
{"_e":"metro:bundling:progress","_t":1790085202131,"id":"2","progress":0.7055999999999999,"total":1063,"current":792}
{"_e":"metro:bundling:progress","_t":1790085202237,"id":"2","progress":0.7055999999999999,"total":1069,"current":804}
{"_e":"metro:bundling:progress","_t":1790085202343,"id":"2","progress":0.7055999999999999,"total":1070,"current":816}
{"_e":"metro:bundling:progress","_t":1790085202445,"id":"2","progress":0.7055999999999999,"total":1075,"current":829}
{"_e":"metro:bundling:progress","_t":1790085202553,"id":"2","progress":0.7055999999999999,"total":1077,"current":843}
{"_e":"metro:bundling:progress","_t":1790085202669,"id":"2","progress":0.7055999999999999,"total":1085,"current":857}
{"_e":"metro:bundling:progress","_t":1790085202771,"id":"2","progress":0.7055999999999999,"total":1095,"current":874}
{"_e":"metro:bundling:progress","_t":1790085202871,"id":"2","progress":0.7055999999999999,"total":1107,"current":888}
{"_e":"metro:bundling:progress","_t":1790085202978,"id":"2","progress":0.7055999999999999,"total":1129,"current":907}
{"_e":"metro:bundling:progress","_t":1790085203078,"id":"2","progress":0.7055999999999999,"total":1134,"current":927}
{"_e":"metro:bundling:progress","_t":1790085203178,"id":"2","progress":0.7055999999999999,"total":1137,"current":945}
{"_e":"metro:bundling:progress","_t":1790085203279,"id":"2","progress":0.7055999999999999,"total":1155,"current":957}
{"_e":"metro:bundling:progress","_t":1790085203383,"id":"2","progress":0.7137336504161713,"total":1160,"current":980}
{"_e":"metro:bundling:progress","_t":1790085203484,"id":"2","progress":0.731746262157062,"total":1162,"current":994}
{"_e":"metro:bundling:progress","_t":1790085203584,"id":"2","progress":0.7494316023946243,"total":1169,"current":1012}
{"_e":"metro:bundling:progress","_t":1790085203687,"id":"2","progress":0.7646912541267363,"total":1171,"current":1024}
{"_e":"metro:bundling:progress","_t":1790085203787,"id":"2","progress":0.7678511921861533,"total":1180,"current":1034}
{"_e":"metro:bundling:progress","_t":1790085203888,"id":"2","progress":0.7724936386950882,"total":1181,"current":1038}
{"_e":"metro:bundling:progress","_t":1790085203988,"id":"2","progress":0.7724936386950882,"total":1189,"current":1043}
{"_e":"metro:bundling:progress","_t":1790085204092,"id":"2","progress":0.7815154297012922,"total":1190,"current":1052}
{"_e":"metro:bundling:progress","_t":1790085204199,"id":"2","progress":0.7815154297012922,"total":1198,"current":1059}
{"_e":"metro:bundling:progress","_t":1790085204299,"id":"2","progress":0.7830552427272937,"total":1199,"current":1061}
{"_e":"metro:bundling:progress","_t":1790085204409,"id":"2","progress":0.7833944929322706,"total":1201,"current":1063}
{"_e":"metro:bundling:progress","_t":1790085204511,"id":"2","progress":0.7855401938671854,"total":1205,"current":1068}
{"_e":"metro:bundling:progress","_t":1790085204613,"id":"2","progress":0.7948726207183895,"total":1208,"current":1077}
{"_e":"metro:bundling:progress","_t":1790085204718,"id":"2","progress":0.800787931450375,"total":1208,"current":1081}
{"_e":"metro:bundling:progress","_t":1790085204818,"id":"2","progress":0.8082129073286259,"total":1208,"current":1086}
{"_e":"metro:bundling:progress","_t":1790085204921,"id":"2","progress":0.8173117116525425,"total":1209,"current":1093}
{"_e":"metro:bundling:progress","_t":1790085205021,"id":"2","progress":0.8219445393074244,"total":1210,"current":1097}
{"_e":"metro:bundling:progress","_t":1790085205122,"id":"2","progress":0.8219445393074244,"total":1220,"current":1105}
{"_e":"metro:bundling:progress","_t":1790085205233,"id":"2","progress":0.8219850406582594,"total":1221,"current":1107}
{"_e":"metro:bundling:progress","_t":1790085205334,"id":"2","progress":0.8219850406582594,"total":1229,"current":1112}
{"_e":"metro:bundling:progress","_t":1790085205434,"id":"2","progress":0.8220248197419463,"total":1232,"current":1117}
{"_e":"metro:bundling:progress","_t":1790085205535,"id":"2","progress":0.8314016663001015,"total":1236,"current":1127}
{"_e":"metro:bundling:progress","_t":1790085205635,"id":"2","progress":0.8373138373079462,"total":1236,"current":1131}
{"_e":"metro:bundling:progress","_t":1790085205735,"id":"2","progress":0.8465782176128137,"total":1239,"current":1140}
{"_e":"metro:bundling:progress","_t":1790085205836,"id":"2","progress":0.8571175858480748,"total":1240,"current":1148}
{"_e":"metro:bundling:progress","_t":1790085205938,"id":"2","progress":0.8678077538436008,"total":1242,"current":1157}
{"_e":"metro:bundling:progress","_t":1790085206090,"id":"2","progress":0.8679103381187263,"total":1243,"current":1158}
{"_e":"metro:bundling:progress","_t":1790085206191,"id":"2","progress":0.8761917724014234,"total":1251,"current":1171}
{"_e":"metro:bundling:progress","_t":1790085206494,"id":"2","progress":0.8761917724014234,"total":1258,"current":1175}
{"_e":"metro:bundling:progress","_t":1790085206644,"id":"2","progress":0.8761917724014234,"total":1262,"current":1179}
{"_e":"metro:bundling:progress","_t":1790085206745,"id":"2","progress":0.87890625,"total":1264,"current":1185}
{"_e":"metro:bundling:progress","_t":1790085206847,"id":"2","progress":0.8838074195785914,"total":1269,"current":1193}
{"_e":"metro:bundling:progress","_t":1790085206960,"id":"2","progress":0.8887683198769704,"total":1275,"current":1202}
{"_e":"metro:bundling:progress","_t":1790085207060,"id":"2","progress":0.9128539998691804,"total":1279,"current":1222}
{"_e":"metro:bundling:progress","_t":1790085207184,"id":"2","progress":0.9296323793441447,"total":1284,"current":1238}
{"_e":"metro:bundling:progress","_t":1790085207319,"id":"2","progress":0.9492586688793782,"total":1284,"current":1251}
{"_e":"metro:bundling:progress","_t":1790085207419,"id":"2","progress":0.9602486546115889,"total":1295,"current":1269}
{"_e":"metro:bundling:progress","_t":1790085207519,"id":"2","progress":0.9724994082840237,"total":1300,"current":1282}
{"_e":"metro:bundling:progress","_t":1790085207621,"id":"2","progress":0.9816236686390531,"total":1300,"current":1288}
{"_e":"metro:bundling:progress","_t":1790085207728,"id":"2","progress":0.9816236686390531,"total":1307,"current":1293}
{"_e":"metro:bundling:progress","_t":1790085207829,"id":"2","progress":0.9954250917778684,"total":1310,"current":1307}
{"_e":"metro:bundling:progress","_t":1790085207929,"id":"2","progress":0.999,"total":1310,"current":1310}
{"_e":"metro:bundling:done","_t":1790085208280,"id":"2","total":1310,"ms":17233.1722}
{"_e":"metro:bundling:started","_t":1790085213731,"id":"5","platform":"android","environment":null,"entry":"index.ts"}
{"_e":"metro:bundling:progress","_t":1790085213732,"id":"5","progress":0,"total":1,"current":0}
{"_e":"metro:bundling:progress","_t":1790085213739,"id":"5","progress":0,"total":1,"current":0}
{"_e":"metro:bundling:progress","_t":1790085213839,"id":"5","progress":0,"total":1,"current":0}
{"_e":"metro:bundling:progress","_t":1790085214155,"id":"5","progress":0,"total":1,"current":0}
{"_e":"metro:bundling:progress","_t":1790085214255,"id":"5","progress":0,"total":1,"current":0}
{"_e":"metro:bundling:progress","_t":1790085214938,"id":"5","progress":0,"total":1,"current":0}
{"_e":"metro:bundling:progress","_t":1790085215017,"id":"5","progress":0,"total":1,"current":0}
{"_e":"metro:bundling:progress","_t":1790085215117,"id":"5","progress":0,"total":1,"current":0}
{"_e":"metro:bundling:progress","_t":1790085215220,"id":"5","progress":0,"total":1,"current":0}
{"_e":"metro:bundling:progress","_t":1790085215339,"id":"5","progress":0,"total":1,"current":0}
{"_e":"metro:bundling:done","_t":1790085215463,"id":"5","total":1,"ms":1731.4183}
{"_e":"metro:bundling:started","_t":1790085292281,"id":"6","platform":"android","environment":null,"entry":"index.ts"}
{"_e":"metro:bundling:progress","_t":1790085292281,"id":"6","progress":0,"total":1,"current":0}
{"_e":"metro:bundling:done","_t":1790085292343,"id":"6","total":1,"ms":61.7762}
{"_e":"metro:bundling:started","_t":1790085295836,"id":"7","platform":"android","environment":null,"entry":"index.ts"}
{"_e":"metro:bundling:progress","_t":1790085295837,"id":"7","progress":0,"total":1,"current":0}
{"_e":"metro:bundling:done","_t":1790085295893,"id":"7","total":1,"ms":56.9912}
{"_e":"root:init","_t":1790085659767,"format":"v0-jsonl","version":"57.0.26"}
{"_e":"env:mode","_t":1790085659769,"nodeEnv":"development","babelEnv":"development","mode":"development"}
{"_e":"env:load","_t":1790085659774,"mode":"development","files":[],"env":{}}
{"_e":"devserver:start","_t":1790085661240,"mode":"development","web":true,"baseUrl":"","asyncRoutes":false,"routerRoot":"../..\\..\\app","serverComponents":false,"serverActions":false,"serverRendering":false,"apiRoutes":false,"exporting":false}
{"_e":"metro:config","_t":1790085663339,"serverRoot":"../..\\..","projectRoot":"../..\\..","exporting":false,"flags":{"autolinkingModuleResolution":false,"serverActions":false,"serverComponents":false,"reactCompiler":false,"optimizeGraph":false,"treeshaking":false,"logbox":false}}
{"_e":"expo:dev-tools-plugin:load","_t":1790085664416,"plugins":[]}
{"_e":"metro:instantiate","_t":1790085672868,"atlas":false,"workers":6,"host":"::","port":8081}
{"_e":"metro:bundling:started","_t":1790085687975,"id":"2","platform":"android","environment":null,"entry":"index.ts"}
{"_e":"metro:bundling:progress","_t":1790085687975,"id":"2","progress":0,"total":1,"current":0}
{"_e":"metro:bundling:progress","_t":1790085687980,"id":"2","progress":0,"total":1,"current":0}
{"_e":"metro:bundling:progress","_t":1790085689128,"id":"2","progress":0.010000000000000002,"total":1,"current":1}
{"_e":"metro:bundling:progress","_t":1790085689241,"id":"2","progress":0.04000000000000001,"total":10,"current":2}
{"_e":"metro:bundling:progress","_t":1790085689339,"id":"2","progress":0.09,"total":10,"current":3}
{"_e":"metro:bundling:progress","_t":1790085689442,"id":"2","progress":0.09467455621301776,"total":13,"current":4}
{"_e":"metro:bundling:progress","_t":1790085689582,"id":"2","progress":0.09467455621301776,"total":39,"current":6}
{"_e":"metro:bundling:progress","_t":1790085689768,"id":"2","progress":0.09467455621301776,"total":39,"current":7}
{"_e":"metro:bundling:progress","_t":1790085689894,"id":"2","progress":0.09467455621301776,"total":140,"current":9}
{"_e":"metro:bundling:progress","_t":1790085689992,"id":"2","progress":0.09467455621301776,"total":145,"current":11}
{"_e":"metro:bundling:progress","_t":1790085690095,"id":"2","progress":0.09467455621301776,"total":146,"current":17}
{"_e":"metro:bundling:progress","_t":1790085690201,"id":"2","progress":0.09467455621301776,"total":146,"current":22}
{"_e":"metro:bundling:progress","_t":1790085690304,"id":"2","progress":0.09467455621301776,"total":146,"current":27}
{"_e":"metro:bundling:progress","_t":1790085690405,"id":"2","progress":0.09467455621301776,"total":146,"current":30}
{"_e":"metro:bundling:progress","_t":1790085690505,"id":"2","progress":0.09467455621301776,"total":151,"current":33}
{"_e":"metro:bundling:progress","_t":1790085690605,"id":"2","progress":0.09467455621301776,"total":155,"current":37}
{"_e":"metro:bundling:progress","_t":1790085690705,"id":"2","progress":0.09467455621301776,"total":156,"current":39}
{"_e":"metro:bundling:progress","_t":1790085690806,"id":"2","progress":0.09467455621301776,"total":157,"current":42}
{"_e":"metro:bundling:progress","_t":1790085690908,"id":"2","progress":0.09467455621301776,"total":169,"current":47}
{"_e":"metro:bundling:progress","_t":1790085691008,"id":"2","progress":0.09467455621301776,"total":183,"current":53}
{"_e":"metro:bundling:progress","_t":1790085691109,"id":"2","progress":0.09467455621301776,"total":198,"current":60}
{"_e":"metro:bundling:progress","_t":1790085691211,"id":"2","progress":0.09467455621301776,"total":202,"current":62}
{"_e":"metro:bundling:progress","_t":1790085691311,"id":"2","progress":0.12877452439275658,"total":209,"current":75}
{"_e":"metro:bundling:progress","_t":1790085691416,"id":"2","progress":0.14578512396694215,"total":220,"current":84}
{"_e":"metro:bundling:progress","_t":1790085691526,"id":"2","progress":0.17747397012222724,"total":235,"current":99}
{"_e":"metro:bundling:progress","_t":1790085691627,"id":"2","progress":0.18513991841399344,"total":251,"current":108}
{"_e":"metro:bundling:progress","_t":1790085691727,"id":"2","progress":0.2011786332179931,"total":272,"current":122}
{"_e":"metro:bundling:progress","_t":1790085691827,"id":"2","progress":0.244614161529539,"total":277,"current":137}
{"_e":"metro:bundling:progress","_t":1790085691928,"id":"2","progress":0.29858418367346934,"total":280,"current":153}
{"_e":"metro:bundling:progress","_t":1790085692031,"id":"2","progress":0.3216183955677672,"total":298,"current":169}
{"_e":"metro:bundling:progress","_t":1790085692131,"id":"2","progress":0.3216183955677672,"total":352,"current":176}
{"_e":"metro:bundling:progress","_t":1790085692235,"id":"2","progress":0.3216183955677672,"total":385,"current":192}
{"_e":"metro:bundling:progress","_t":1790085692337,"id":"2","progress":0.3216183955677672,"total":419,"current":208}
{"_e":"metro:bundling:progress","_t":1790085692441,"id":"2","progress":0.3216183955677672,"total":444,"current":223}
{"_e":"metro:bundling:progress","_t":1790085692542,"id":"2","progress":0.3216183955677672,"total":455,"current":239}
{"_e":"metro:bundling:progress","_t":1790085692644,"id":"2","progress":0.3216183955677672,"total":466,"current":256}
{"_e":"metro:bundling:progress","_t":1790085692744,"id":"2","progress":0.3216183955677672,"total":506,"current":271}
{"_e":"metro:bundling:progress","_t":1790085692854,"id":"2","progress":0.3216183955677672,"total":516,"current":281}
{"_e":"metro:bundling:progress","_t":1790085692953,"id":"2","progress":0.3216183955677672,"total":535,"current":294}
{"_e":"metro:bundling:progress","_t":1790085693053,"id":"2","progress":0.3216183955677672,"total":554,"current":307}
{"_e":"metro:bundling:progress","_t":1790085693153,"id":"2","progress":0.3216183955677672,"total":571,"current":321}
{"_e":"metro:bundling:progress","_t":1790085693262,"id":"2","progress":0.3216183955677672,"total":584,"current":326}
{"_e":"metro:bundling:progress","_t":1790085693367,"id":"2","progress":0.32542279077945707,"total":589,"current":336}
{"_e":"metro:bundling:progress","_t":1790085693469,"id":"2","progress":0.32542279077945707,"total":618,"current":351}
{"_e":"metro:bundling:progress","_t":1790085693580,"id":"2","progress":0.35046399999999994,"total":625,"current":370}
{"_e":"metro:bundling:progress","_t":1790085693681,"id":"2","progress":0.35046399999999994,"total":664,"current":382}
{"_e":"metro:bundling:progress","_t":1790085693781,"id":"2","progress":0.35046399999999994,"total":680,"current":394}
{"_e":"metro:bundling:progress","_t":1790085693892,"id":"2","progress":0.35046399999999994,"total":691,"current":398}
{"_e":"metro:bundling:progress","_t":1790085693993,"id":"2","progress":0.35046399999999994,"total":695,"current":404}
{"_e":"metro:bundling:progress","_t":1790085694099,"id":"2","progress":0.35046399999999994,"total":695,"current":405}
{"_e":"metro:bundling:progress","_t":1790085694193,"id":"2","progress":0.35046399999999994,"total":695,"current":406}
{"_e":"metro:bundling:progress","_t":1790085694293,"id":"2","progress":0.35046399999999994,"total":704,"current":410}
{"_e":"metro:bundling:progress","_t":1790085694396,"id":"2","progress":0.35046399999999994,"total":705,"current":416}
{"_e":"metro:bundling:progress","_t":1790085694498,"id":"2","progress":0.3623835356996686,"total":706,"current":425}
{"_e":"metro:bundling:progress","_t":1790085694598,"id":"2","progress":0.37221978523474086,"total":713,"current":435}
{"_e":"metro:bundling:progress","_t":1790085694698,"id":"2","progress":0.3830559752089616,"total":719,"current":445}
{"_e":"metro:bundling:progress","_t":1790085694806,"id":"2","progress":0.40175553678913367,"total":721,"current":457}
{"_e":"metro:bundling:progress","_t":1790085694908,"id":"2","progress":0.4268923748744155,"total":727,"current":475}
{"_e":"metro:bundling:progress","_t":1790085695009,"id":"2","progress":0.43538363343187314,"total":732,"current":483}
{"_e":"metro:bundling:progress","_t":1790085695116,"id":"2","progress":0.45052848653145705,"total":733,"current":492}
{"_e":"metro:bundling:progress","_t":1790085695222,"id":"2","progress":0.4640319550965557,"total":734,"current":500}
{"_e":"metro:bundling:progress","_t":1790085695323,"id":"2","progress":0.4862235208181154,"total":740,"current":516}
{"_e":"metro:bundling:progress","_t":1790085695426,"id":"2","progress":0.4990494433223843,"total":746,"current":527}
{"_e":"metro:bundling:progress","_t":1790085695527,"id":"2","progress":0.5053437370276298,"total":754,"current":536}
{"_e":"metro:bundling:progress","_t":1790085695627,"id":"2","progress":0.522135105374933,"total":757,"current":547}
{"_e":"metro:bundling:progress","_t":1790085695727,"id":"2","progress":0.5497774884438659,"total":762,"current":565}
{"_e":"metro:bundling:progress","_t":1790085695829,"id":"2","progress":0.5610455726835015,"total":773,"current":579}
{"_e":"metro:bundling:progress","_t":1790085695931,"id":"2","progress":0.583390047804944,"total":779,"current":595}
{"_e":"metro:bundling:progress","_t":1790085696032,"id":"2","progress":0.5965685729423538,"total":782,"current":604}
{"_e":"metro:bundling:progress","_t":1790085696137,"id":"2","progress":0.6012152464634491,"total":788,"current":611}
{"_e":"metro:bundling:progress","_t":1790085696238,"id":"2","progress":0.6199070661752923,"total":790,"current":622}
{"_e":"metro:bundling:progress","_t":1790085696338,"id":"2","progress":0.6416030050078242,"total":799,"current":640}
{"_e":"metro:bundling:progress","_t":1790085696441,"id":"2","progress":0.6416030050078242,"total":817,"current":653}
{"_e":"metro:bundling:progress","_t":1790085696541,"id":"2","progress":0.6540227122161706,"total":826,"current":668}
{"_e":"metro:bundling:progress","_t":1790085696656,"id":"2","progress":0.6542239236963098,"total":837,"current":677}
{"_e":"metro:bundling:progress","_t":1790085696763,"id":"2","progress":0.6542239236963098,"total":853,"current":682}
{"_e":"metro:bundling:progress","_t":1790085696864,"id":"2","progress":0.6542239236963098,"total":886,"current":692}
{"_e":"metro:bundling:progress","_t":1790085696964,"id":"2","progress":0.6542239236963098,"total":913,"current":701}
{"_e":"metro:bundling:progress","_t":1790085697065,"id":"2","progress":0.6542239236963098,"total":923,"current":712}
{"_e":"metro:bundling:progress","_t":1790085697166,"id":"2","progress":0.6542239236963098,"total":935,"current":725}
{"_e":"metro:bundling:progress","_t":1790085697266,"id":"2","progress":0.6542239236963098,"total":938,"current":730}
{"_e":"metro:bundling:progress","_t":1790085697366,"id":"2","progress":0.6542239236963098,"total":947,"current":739}
{"_e":"metro:bundling:progress","_t":1790085697466,"id":"2","progress":0.6542239236963098,"total":972,"current":746}
{"_e":"metro:bundling:progress","_t":1790085697568,"id":"2","progress":0.6542239236963098,"total":976,"current":755}
{"_e":"metro:bundling:progress","_t":1790085697668,"id":"2","progress":0.6542239236963098,"total":979,"current":769}
{"_e":"metro:bundling:progress","_t":1790085697773,"id":"2","progress":0.6542239236963098,"total":979,"current":777}
{"_e":"metro:bundling:progress","_t":1790085697875,"id":"2","progress":0.6542239236963098,"total":994,"current":790}
{"_e":"metro:bundling:progress","_t":1790085697977,"id":"2","progress":0.6594419332845131,"total":995,"current":808}
{"_e":"metro:bundling:progress","_t":1790085698083,"id":"2","progress":0.6761594571055306,"total":996,"current":819}
{"_e":"metro:bundling:progress","_t":1790085698188,"id":"2","progress":0.686388151415128,"total":997,"current":826}
{"_e":"metro:bundling:progress","_t":1790085698289,"id":"2","progress":0.686388151415128,"total":1010,"current":835}
{"_e":"metro:bundling:progress","_t":1790085698399,"id":"2","progress":0.6993841641087887,"total":1014,"current":848}
{"_e":"metro:bundling:progress","_t":1790085698506,"id":"2","progress":0.7148236483972968,"total":1016,"current":859}
{"_e":"metro:bundling:progress","_t":1790085698608,"id":"2","progress":0.7148236483972968,"total":1052,"current":876}
{"_e":"metro:bundling:progress","_t":1790085698715,"id":"2","progress":0.7148236483972968,"total":1066,"current":886}
{"_e":"metro:bundling:progress","_t":1790085698817,"id":"2","progress":0.7148236483972968,"total":1074,"current":898}
{"_e":"metro:bundling:progress","_t":1790085698919,"id":"2","progress":0.7148236483972968,"total":1075,"current":908}
{"_e":"metro:bundling:progress","_t":1790085699018,"id":"2","progress":0.7148236483972968,"total":1121,"current":921}
{"_e":"metro:bundling:progress","_t":1790085699120,"id":"2","progress":0.7148236483972968,"total":1123,"current":926}
{"_e":"metro:bundling:progress","_t":1790085699219,"id":"2","progress":0.7148236483972968,"total":1124,"current":928}
{"_e":"metro:bundling:progress","_t":1790085699320,"id":"2","progress":0.7148236483972968,"total":1124,"current":929}
{"_e":"metro:bundling:progress","_t":1790085699423,"id":"2","progress":0.7148236483972968,"total":1130,"current":935}
{"_e":"metro:bundling:progress","_t":1790085699526,"id":"2","progress":0.7148236483972968,"total":1140,"current":944}
{"_e":"metro:bundling:progress","_t":1790085699626,"id":"2","progress":0.7148236483972968,"total":1172,"current":964}
{"_e":"metro:bundling:progress","_t":1790085699726,"id":"2","progress":0.7148236483972968,"total":1187,"current":974}
{"_e":"metro:bundling:progress","_t":1790085699827,"id":"2","progress":0.7148236483972968,"total":1189,"current":985}
{"_e":"metro:bundling:progress","_t":1790085699929,"id":"2","progress":0.7148236483972968,"total":1196,"current":991}
{"_e":"metro:bundling:progress","_t":1790085700029,"id":"2","progress":0.7148236483972968,"total":1200,"current":1003}
{"_e":"metro:bundling:progress","_t":1790085700129,"id":"2","progress":0.7148236483972968,"total":1204,"current":1011}
{"_e":"metro:bundling:progress","_t":1790085700233,"id":"2","progress":0.7298364106837419,"total":1208,"current":1032}
{"_e":"metro:bundling:progress","_t":1790085700336,"id":"2","progress":0.7512067727292663,"total":1208,"current":1047}
{"_e":"metro:bundling:progress","_t":1790085700442,"id":"2","progress":0.7676132834101933,"total":1211,"current":1061}
{"_e":"metro:bundling:progress","_t":1790085700582,"id":"2","progress":0.7676132834101933,"total":1221,"current":1065}
{"_e":"metro:bundling:progress","_t":1790085700687,"id":"2","progress":0.7771056271092315,"total":1224,"current":1079}
{"_e":"metro:bundling:progress","_t":1790085700787,"id":"2","progress":0.7875664246258749,"total":1235,"current":1096}
{"_e":"metro:bundling:progress","_t":1790085700892,"id":"2","progress":0.8027581945889699,"total":1240,"current":1111}
{"_e":"metro:bundling:progress","_t":1790085700995,"id":"2","progress":0.8027581945889699,"total":1262,"current":1127}
{"_e":"metro:bundling:progress","_t":1790085701095,"id":"2","progress":0.8057867431640626,"total":1280,"current":1149}
{"_e":"metro:bundling:progress","_t":1790085701197,"id":"2","progress":0.8111183982099457,"total":1288,"current":1160}
{"_e":"metro:bundling:progress","_t":1790085701297,"id":"2","progress":0.8175290067819851,"total":1294,"current":1170}
{"_e":"metro:bundling:progress","_t":1790085701397,"id":"2","progress":0.8263188462313542,"total":1297,"current":1179}
{"_e":"metro:bundling:progress","_t":1790085701500,"id":"2","progress":0.8367612393552634,"total":1302,"current":1191}
{"_e":"metro:bundling:progress","_t":1790085701600,"id":"2","progress":0.8579710760474846,"total":1302,"current":1206}
{"_e":"metro:bundling:progress","_t":1790085701703,"id":"2","progress":0.8800704530718462,"total":1309,"current":1228}
{"_e":"metro:bundling:progress","_t":1790085701803,"id":"2","progress":0.8932555026769778,"total":1312,"current":1240}
{"_e":"metro:bundling:progress","_t":1790085701903,"id":"2","progress":0.9107608265048686,"total":1314,"current":1254}
{"_e":"metro:bundling:progress","_t":1790085702008,"id":"2","progress":0.9214257268476453,"total":1322,"current":1269}
{"_e":"metro:bundling:progress","_t":1790085702120,"id":"2","progress":0.9305208066169904,"total":1329,"current":1282}
{"_e":"metro:bundling:progress","_t":1790085702224,"id":"2","progress":0.946873099723703,"total":1337,"current":1301}
{"_e":"metro:bundling:progress","_t":1790085702323,"id":"2","progress":0.9544680292054604,"total":1346,"current":1315}
{"_e":"metro:bundling:progress","_t":1790085702423,"id":"2","progress":0.9719881239566162,"total":1347,"current":1328}
{"_e":"metro:bundling:progress","_t":1790085702527,"id":"2","progress":0.9852509394855689,"total":1351,"current":1341}
{"_e":"metro:bundling:progress","_t":1790085702632,"id":"2","progress":0.9985212571338538,"total":1352,"current":1351}
{"_e":"metro:bundling:progress","_t":1790085703310,"id":"2","progress":0.999,"total":1352,"current":1352}
{"_e":"metro:bundling:progress","_t":1790085703413,"id":"2","progress":0.999,"total":1363,"current":1363}
{"_e":"metro:bundling:done","_t":1790085703753,"id":"2","total":1363,"ms":15777.8954}
{"_e":"metro:client_log","_t":1790085710589,"level":"warn","data":["[KayaLeo] EXPO_PUBLIC_SUPABASE_URL / EXPO_PUBLIC_SUPABASE_ANON_KEY hazijawekwa. Copy mobile/.env.example to mobile/.env and fill in your Supabase project keys."]}
{"_e":"root:init","_t":1790143764565,"format":"v0-jsonl","version":"57.0.26"}
{"_e":"env:mode","_t":1790143764568,"nodeEnv":"development","babelEnv":"development","mode":"development"}
{"_e":"env:load","_t":1790143764576,"mode":"development","files":["../..\\..\\.env"],"env":{"EXPO_PUBLIC_API_URL":"http://192.168.1.8:4000","EXPO_PUBLIC_SUPABASE_ANON_KEY":"sb_publishable_r0m0JHVEB4Tt7f49wuDMiw_snIrL5Ad","EXPO_PUBLIC_SUPABASE_URL":"https://icaotzwprsimfimsrlbc.supabase.co"}}
{"_e":"devserver:start","_t":1790143766277,"mode":"development","web":true,"baseUrl":"","asyncRoutes":false,"routerRoot":"../..\\..\\app","serverComponents":false,"serverActions":false,"serverRendering":false,"apiRoutes":false,"exporting":false}
{"_e":"metro:config","_t":1790143768234,"serverRoot":"../..\\..","projectRoot":"../..\\..","exporting":false,"flags":{"autolinkingModuleResolution":false,"serverActions":false,"serverComponents":false,"reactCompiler":false,"optimizeGraph":false,"treeshaking":false,"logbox":false}}
{"_e":"expo:dev-tools-plugin:load","_t":1790143769616,"plugins":[]}
{"_e":"metro:instantiate","_t":1790143779666,"atlas":false,"workers":6,"host":"::","port":8081}
{"_e":"metro:bundling:started","_t":1790143806741,"id":"5","platform":"android","environment":null,"entry":"index.ts"}
{"_e":"metro:bundling:progress","_t":1790143806741,"id":"5","progress":0,"total":1,"current":0}
{"_e":"metro:bundling:progress","_t":1790143806751,"id":"5","progress":0,"total":1,"current":0}
{"_e":"metro:bundling:progress","_t":1790143806862,"id":"5","progress":0.008365556216537775,"total":164,"current":15}
{"_e":"metro:bundling:progress","_t":1790143806960,"id":"5","progress":0.03174876033057852,"total":275,"current":49}
{"_e":"metro:bundling:progress","_t":1790143807061,"id":"5","progress":0.18367346938775508,"total":392,"current":168}
{"_e":"metro:bundling:progress","_t":1790143807161,"id":"5","progress":0.24561026971373823,"total":567,"current":281}
{"_e":"metro:bundling:progress","_t":1790143807261,"id":"5","progress":0.2634656350371408,"total":602,"current":309}
{"_e":"metro:bundling:progress","_t":1790143807363,"id":"5","progress":0.3062002714158239,"total":656,"current":363}
{"_e":"metro:bundling:progress","_t":1790143807467,"id":"5","progress":0.35553119632712377,"total":696,"current":415}
{"_e":"metro:bundling:progress","_t":1790143807567,"id":"5","progress":0.4279194129189457,"total":746,"current":488}
{"_e":"metro:bundling:progress","_t":1790143807673,"id":"5","progress":0.5780555204870316,"total":801,"current":609}
{"_e":"metro:bundling:progress","_t":1790143807772,"id":"5","progress":0.5924334251606979,"total":825,"current":635}
{"_e":"metro:bundling:progress","_t":1790143807872,"id":"5","progress":0.721308902524238,"total":856,"current":727}
{"_e":"metro:bundling:progress","_t":1790143807980,"id":"5","progress":0.7689646906935129,"total":918,"current":805}
{"_e":"metro:bundling:progress","_t":1790143808080,"id":"5","progress":0.7689646906935129,"total":1085,"current":863}
{"_e":"metro:bundling:progress","_t":1790143808180,"id":"5","progress":0.7689646906935129,"total":1181,"current":1008}
{"_e":"metro:bundling:progress","_t":1790143808280,"id":"5","progress":0.7697841141243391,"total":1264,"current":1109}
{"_e":"metro:bundling:progress","_t":1790143808390,"id":"5","progress":0.8740075716603569,"total":1290,"current":1206}
{"_e":"metro:bundling:progress","_t":1790143808490,"id":"5","progress":0.9270325175163416,"total":1345,"current":1295}
{"_e":"metro:bundling:progress","_t":1790143808593,"id":"5","progress":0.999,"total":1363,"current":1363}
{"_e":"metro:bundling:done","_t":1790143808691,"id":"5","total":1363,"ms":1950.3486}
